** Drc report for Drone Practice.kicad_pcb **
** Created on 2026-08-23T12:28:13 **
** Report includes: Errors, Warnings **

** Found 22 DRC violations **
[track_dangling]: Track has unconnected end
    Local override; warning
    @(128.9200 mm, 110.4350 mm): Track [GND] on F.Cu, length 1.1267 mm
[track_dangling]: Track has unconnected end
    Local override; warning
    @(130.3500 mm, 113.3150 mm): Track [GND] on F.Cu, length 0.0141 mm
[silk_overlap]: Silkscreen clearance
    Rule: board setup constraints silk; warning
    @(136.2350 mm, 106.8250 mm): Segment of J1 on F.Silkscreen
    @(137.1650 mm, 107.3900 mm): Reference field of J6
[silk_overlap]: Silkscreen clearance
    Rule: board setup constraints silk; warning
    @(138.0500 mm, 99.2550 mm): Reference field of J1
    @(138.0844 mm, 99.5100 mm): Segment of C5 on F.Silkscreen
[silk_overlap]: Silkscreen clearance
    Rule: board setup constraints silk; warning
    @(138.2250 mm, 97.5700 mm): Reference field of C5
    @(138.6377 mm, 97.0425 mm): Segment of R1 on F.Silkscreen
[silk_overlap]: Silkscreen clearance
    Rule: board setup constraints silk; warning
    @(112.7444 mm, 87.2300 mm): Segment of C1 on F.Silkscreen
    @(112.8850 mm, 87.8000 mm): Reference field of C2
[silk_overlap]: Silkscreen clearance
    Rule: board setup constraints silk; warning
    @(112.8850 mm, 90.3100 mm): Reference field of C3
    @(112.7444 mm, 89.7400 mm): Segment of C2 on F.Silkscreen
[silk_overlap]: Silkscreen clearance
    Rule: board setup constraints silk; warning
    @(121.2250 mm, 91.5700 mm): Reference field of C10
    @(121.0844 mm, 91.5100 mm): Segment of C9 on F.Silkscreen
[silk_overlap]: Silkscreen clearance
    Rule: board setup constraints silk; warning
    @(121.2250 mm, 89.5700 mm): Reference field of C9
    @(118.7600 mm, 88.9200 mm): Segment of Y1 on F.Silkscreen
[silk_overlap]: Silkscreen clearance
    Rule: board setup constraints silk; warning
    @(112.7444 mm, 92.2500 mm): Segment of C3 on F.Silkscreen
    @(112.8250 mm, 92.5700 mm): Reference field of R2
[silk_overlap]: Silkscreen clearance
    Rule: board setup constraints silk; warning
    @(116.8950 mm, 97.8400 mm): Reference field of C12
    @(116.7544 mm, 97.2700 mm): Segment of C11 on F.Silkscreen
[silk_over_copper]: Silkscreen clipped by solder mask
    Local override; warning
    @(138.0500 mm, 99.2550 mm): Reference field of J1
    @(137.4500 mm, 99.0000 mm): Pad 1 [GND] of C5 on F.Cu
[silk_over_copper]: Silkscreen clipped by solder mask
    Local override; warning
    @(138.2250 mm, 97.5700 mm): Reference field of C5
    @(138.0500 mm, 96.5200 mm): Pad 1 [Net-(U1-BOOT0)] of R1 on F.Cu
[silk_over_copper]: Silkscreen clipped by solder mask
    Local override; warning
    @(112.8850 mm, 87.8000 mm): Reference field of C2
    @(113.6600 mm, 86.7200 mm): Pad 2 [GND] of C1 on F.Cu
[silk_over_copper]: Silkscreen clipped by solder mask
    Local override; warning
    @(112.8850 mm, 90.3100 mm): Reference field of C3
    @(113.6600 mm, 89.2300 mm): Pad 2 [Net-(U1-VCAP_1)] of C2 on F.Cu
[silk_over_copper]: Silkscreen clipped by solder mask
    Local override; warning
    @(121.2250 mm, 91.5700 mm): Reference field of C10
    @(120.4500 mm, 91.0000 mm): Pad 1 [GND] of C9 on F.Cu
[silk_over_copper]: Silkscreen clipped by solder mask
    Local override; warning
    @(121.2250 mm, 91.5700 mm): Reference field of C10
    @(122.0000 mm, 91.0000 mm): Pad 2 [Net-(U1-PH0)] of C9 on F.Cu
[silk_over_copper]: Silkscreen clipped by solder mask
    Local override; warning
    @(112.8250 mm, 92.5700 mm): Reference field of R2
    @(112.1100 mm, 91.7400 mm): Pad 1 [GND] of C3 on F.Cu
[silk_over_copper]: Silkscreen clipped by solder mask
    Local override; warning
    @(112.8250 mm, 92.5700 mm): Reference field of R2
    @(113.6600 mm, 91.7400 mm): Pad 2 [Net-(U1-VCAP_2)] of C3 on F.Cu
[silk_over_copper]: Silkscreen clipped by solder mask
    Local override; warning
    @(116.1350 mm, 100.3500 mm): Reference field of J4
    @(116.1200 mm, 99.2700 mm): Pad 1 [GND] of C12 on F.Cu
[silk_over_copper]: Silkscreen clipped by solder mask
    Local override; warning
    @(116.8950 mm, 97.8400 mm): Reference field of C12
    @(117.6700 mm, 96.7600 mm): Pad 2 [/[VBAT_SENSE]] of C11 on F.Cu
[silk_over_copper]: Silkscreen clipped by solder mask
    Local override; warning
    @(116.8950 mm, 97.8400 mm): Reference field of C12
    @(116.1200 mm, 96.7600 mm): Pad 1 [GND] of C11 on F.Cu

** Found 0 unconnected pads **

** Found 0 Footprint errors **

** Ignored checks **
    - Footprint has no courtyard defined
    - Track endpoint not centered on via
    - Tuning profile track geometries
    - Footprint doesn't match symbol's footprint filters
    - Footprint component type doesn't match footprint pads

** End of Report **
